#-----------------------------------------------------------
# Webtalk v2019.1 (64-bit)
# SW Build 2552052 on Fri May 24 14:49:42 MDT 2019
# IP Build 2548770 on Fri May 24 18:01:18 MDT 2019
# Start of session at: Mon Apr  3 01:40:11 2023
# Process ID: 10088
# Current directory: C:/2023/vicilogic/HDLGenTop/HDLGen/User_Projects/seq_FSM/threshold/VHDL/AMDprj/threshold.sim/sim_1/behav/xsim
# Command line: wbtcv.exe -mode batch -source C:/2023/vicilogic/HDLGenTop/HDLGen/User_Projects/seq_FSM/threshold/VHDL/AMDprj/threshold.sim/sim_1/behav/xsim/xsim.dir/threshold_TB_behav/webtalk/xsim_webtalk.tcl -notrace
# Log file: C:/2023/vicilogic/HDLGenTop/HDLGen/User_Projects/seq_FSM/threshold/VHDL/AMDprj/threshold.sim/sim_1/behav/xsim/webtalk.log
# Journal file: C:/2023/vicilogic/HDLGenTop/HDLGen/User_Projects/seq_FSM/threshold/VHDL/AMDprj/threshold.sim/sim_1/behav/xsim\webtalk.jou
#-----------------------------------------------------------
source C:/2023/vicilogic/HDLGenTop/HDLGen/User_Projects/seq_FSM/threshold/VHDL/AMDprj/threshold.sim/sim_1/behav/xsim/xsim.dir/threshold_TB_behav/webtalk/xsim_webtalk.tcl -notrace
